MPLINK 5.09, LINKER
Linker Map File - Created Thu Apr 11 19:42:55 2019

                                 Section Info
                  Section       Type    Address   Location Size(Bytes)
                ---------  ---------  ---------  ---------  ---------
                   .org_0       code   0x000000    program   0x000002
                   .cinit    romdata   0x000001    program   0x000004
                   .org_1       code   0x000005    program   0x000068
.config_2007_BUILD/DEFAULT/PRODUCTION/NEWPIC_       code   0x002007    program   0x000002
.config_2008_BUILD/DEFAULT/PRODUCTION/NEWPIC_       code   0x002008    program   0x000002



                              Program Memory Usage 
                               Start         End      
                           ---------   ---------      
                            0x000000    0x000002      
                            0x000005    0x000038      
                            0x002007    0x002008      
            57 out of 8455 program addresses used, program memory utilization is 0%



                              Symbols - Sorted by Name
                     Name    Address   Location    Storage File                     
                ---------  ---------  ---------  --------- ---------                
                   INICIO   0x000013    program     static /home/lucas/Documentos/facultad/Digitales 2/Practico/TPS/TP1/practico1.X/newpic_8b_simple.asm
                     LAZO   0x000027    program     static /home/lucas/Documentos/facultad/Digitales 2/Practico/TPS/TP1/practico1.X/newpic_8b_simple.asm
                    LAZO1   0x00002d    program     static /home/lucas/Documentos/facultad/Digitales 2/Practico/TPS/TP1/practico1.X/newpic_8b_simple.asm
                    LAZO2   0x00002b    program     static /home/lucas/Documentos/facultad/Digitales 2/Practico/TPS/TP1/practico1.X/newpic_8b_simple.asm
                    LAZO3   0x000029    program     static /home/lucas/Documentos/facultad/Digitales 2/Practico/TPS/TP1/practico1.X/newpic_8b_simple.asm
                   TITILO   0x000026    program     static /home/lucas/Documentos/facultad/Digitales 2/Practico/TPS/TP1/practico1.X/newpic_8b_simple.asm
             _.org_1_0038   0x000038    program     static /home/lucas/Documentos/facultad/Digitales 2/Practico/TPS/TP1/practico1.X/newpic_8b_simple.asm



                              Symbols - Sorted by Address
                     Name    Address   Location    Storage File                     
                ---------  ---------  ---------  --------- ---------                
                   INICIO   0x000013    program     static /home/lucas/Documentos/facultad/Digitales 2/Practico/TPS/TP1/practico1.X/newpic_8b_simple.asm
                   TITILO   0x000026    program     static /home/lucas/Documentos/facultad/Digitales 2/Practico/TPS/TP1/practico1.X/newpic_8b_simple.asm
                     LAZO   0x000027    program     static /home/lucas/Documentos/facultad/Digitales 2/Practico/TPS/TP1/practico1.X/newpic_8b_simple.asm
                    LAZO3   0x000029    program     static /home/lucas/Documentos/facultad/Digitales 2/Practico/TPS/TP1/practico1.X/newpic_8b_simple.asm
                    LAZO2   0x00002b    program     static /home/lucas/Documentos/facultad/Digitales 2/Practico/TPS/TP1/practico1.X/newpic_8b_simple.asm
                    LAZO1   0x00002d    program     static /home/lucas/Documentos/facultad/Digitales 2/Practico/TPS/TP1/practico1.X/newpic_8b_simple.asm
             _.org_1_0038   0x000038    program     static /home/lucas/Documentos/facultad/Digitales 2/Practico/TPS/TP1/practico1.X/newpic_8b_simple.asm


