MPLINK 5.09, LINKER
Linker Map File - Created Tue Apr 09 18:52:36 2019

                                 Section Info
                  Section       Type    Address   Location Size(Bytes)
                ---------  ---------  ---------  ---------  ---------
                   .org_0       code   0x000000    program   0x000002
                   .cinit    romdata   0x000001    program   0x000004
                   .org_1       code   0x000005    program   0x000068
.config_2007_BUILD/DEFAULT/DEBUG/TP1.O       code   0x002007    program   0x000002
.config_2008_BUILD/DEFAULT/DEBUG/TP1.O       code   0x002008    program   0x000002



                              Program Memory Usage 
                               Start         End      
                           ---------   ---------      
                            0x000000    0x000002      
                            0x000005    0x000038      
                            0x002007    0x002008      
            57 out of 8455 program addresses used, program memory utilization is 0%



                              Symbols - Sorted by Name
                     Name    Address   Location    Storage File                     
                ---------  ---------  ---------  --------- ---------                
                   INICIO   0x000013    program     static C:\Users\gabiv\MPLABXProjects\TP1.X\TP1.asm
                     LAZO   0x000027    program     static C:\Users\gabiv\MPLABXProjects\TP1.X\TP1.asm
                    LAZO1   0x00002d    program     static C:\Users\gabiv\MPLABXProjects\TP1.X\TP1.asm
                    LAZO2   0x00002b    program     static C:\Users\gabiv\MPLABXProjects\TP1.X\TP1.asm
                    LAZO3   0x000029    program     static C:\Users\gabiv\MPLABXProjects\TP1.X\TP1.asm
                   TITILO   0x000026    program     static C:\Users\gabiv\MPLABXProjects\TP1.X\TP1.asm
             _.org_1_0038   0x000038    program     static C:\Users\gabiv\MPLABXProjects\TP1.X\TP1.asm



                              Symbols - Sorted by Address
                     Name    Address   Location    Storage File                     
                ---------  ---------  ---------  --------- ---------                
                   INICIO   0x000013    program     static C:\Users\gabiv\MPLABXProjects\TP1.X\TP1.asm
                   TITILO   0x000026    program     static C:\Users\gabiv\MPLABXProjects\TP1.X\TP1.asm
                     LAZO   0x000027    program     static C:\Users\gabiv\MPLABXProjects\TP1.X\TP1.asm
                    LAZO3   0x000029    program     static C:\Users\gabiv\MPLABXProjects\TP1.X\TP1.asm
                    LAZO2   0x00002b    program     static C:\Users\gabiv\MPLABXProjects\TP1.X\TP1.asm
                    LAZO1   0x00002d    program     static C:\Users\gabiv\MPLABXProjects\TP1.X\TP1.asm
             _.org_1_0038   0x000038    program     static C:\Users\gabiv\MPLABXProjects\TP1.X\TP1.asm


